# UTC timestamp | version | commit | user | host | backup
2026-02-13T10:57:06Z | 0.1.0 | n/a | root | msk-1-vm-5fd4 | infra/backups/pre-migrate-20260213-105211.dump
2026-02-13T12:10:43Z | 0.1.0 | n/a | root | msk-1-vm-5fd4 | infra/backups/pre-migrate-20260213-120519.dump
2026-02-13T12:32:22Z | 0.1.0 | n/a | root | msk-1-vm-5fd4 | infra/backups/pre-migrate-20260213-122632.dump
2026-02-13T12:49:53Z | 0.1.1 | n/a | root | msk-1-vm-5fd4 | infra/backups/pre-migrate-20260213-124444.dump
2026-02-13T13:03:39Z | 0.1.2 | n/a | root | msk-1-vm-5fd4 | infra/backups/pre-migrate-20260213-125714.dump
2026-02-13T13:13:42Z | 0.1.3 | n/a | root | msk-1-vm-5fd4 | infra/backups/pre-migrate-20260213-130737.dump
2026-02-13T13:31:33Z | 0.1.4 | n/a | root | msk-1-vm-5fd4 | infra/backups/pre-migrate-20260213-132615.dump
2026-02-13T13:54:48Z | 0.1.5 | n/a | root | msk-1-vm-5fd4 | infra/backups/pre-migrate-20260213-134925.dump
2026-02-13T14:52:43Z | 0.1.6 | n/a | root | msk-1-vm-5fd4 | infra/backups/pre-migrate-20260213-144758.dump
2026-02-13T15:05:15Z | 0.1.7 | n/a | root | msk-1-vm-5fd4 | infra/backups/pre-migrate-20260213-145956.dump
2026-02-13T15:47:04Z | 0.1.9 | n/a | root | msk-1-vm-5fd4 | infra/backups/pre-migrate-20260213-153847.dump
2026-02-13T16:17:43Z | 0.1.10 | n/a | root | msk-1-vm-5fd4 | infra/backups/pre-migrate-20260213-161247.dump
2026-02-13T20:44:01Z | 0.1.11 | n/a | root | msk-1-vm-5fd4 | infra/backups/pre-migrate-20260213-203849.dump
2026-02-13T21:14:03Z | 0.1.12 | n/a | root | msk-1-vm-5fd4 | infra/backups/pre-migrate-20260213-210849.dump
2026-02-13T21:21:49Z | 0.1.13 | n/a | root | msk-1-vm-5fd4 | infra/backups/pre-migrate-20260213-211702.dump
2026-02-13T22:12:44Z | 0.1.14 | n/a | root | msk-1-vm-5fd4 | infra/backups/pre-migrate-20260213-220716.dump
2026-02-13T22:24:28Z | 0.1.15 | n/a | root | msk-1-vm-5fd4 | infra/backups/pre-migrate-20260213-221939.dump
2026-02-13T23:01:47Z | 0.1.16 | n/a | root | msk-1-vm-5fd4 | infra/backups/pre-migrate-20260213-225739.dump
2026-02-14T08:41:56Z | 0.1.17 | n/a | root | msk-1-vm-5fd4 | infra/backups/pre-migrate-20260214-083649.dump
2026-02-14T09:25:34Z | 0.1.18 | n/a | root | msk-1-vm-5fd4 | infra/backups/pre-migrate-20260214-092107.dump
2026-02-14T10:45:29Z | 0.1.19 | n/a | root | msk-1-vm-5fd4 | infra/backups/pre-migrate-20260214-104100.dump
2026-02-14T11:31:24Z | 0.1.20 | n/a | root | msk-1-vm-5fd4 | infra/backups/pre-migrate-20260214-112322.dump
2026-02-14T12:07:35Z | 0.1.21 | n/a | root | msk-1-vm-5fd4 | infra/backups/pre-migrate-20260214-120245.dump
2026-02-14T12:39:58Z | 0.1.22 | n/a | root | msk-1-vm-5fd4 | infra/backups/pre-migrate-20260214-123350.dump
2026-02-14T13:08:02Z | 0.1.23 | n/a | root | msk-1-vm-5fd4 | infra/backups/pre-migrate-20260214-130207.dump
2026-02-14T13:33:56Z | 0.1.24 | n/a | root | msk-1-vm-5fd4 | infra/backups/pre-migrate-20260214-132756.dump
2026-02-14T13:59:33Z | 0.1.25 | n/a | root | msk-1-vm-5fd4 | infra/backups/pre-migrate-20260214-135342.dump
2026-02-14T14:31:39Z | 0.1.26 | n/a | root | msk-1-vm-5fd4 | infra/backups/pre-migrate-20260214-142446.dump
2026-02-14T14:55:01Z | 0.1.27 | n/a | root | msk-1-vm-5fd4 | infra/backups/pre-migrate-20260214-144940.dump
2026-02-14T15:05:18Z | 0.1.28 | n/a | root | msk-1-vm-5fd4 | infra/backups/pre-migrate-20260214-150014.dump
2026-02-14T15:52:11Z | 0.1.29 | n/a | root | msk-1-vm-5fd4 | infra/backups/pre-migrate-20260214-154703.dump
2026-02-16T15:32:52Z | 0.1.30 | n/a | root | msk-1-vm-5fd4 | infra/backups/pre-migrate-20260216-152610.dump
2026-02-16T16:09:47Z | 0.1.31 | n/a | root | msk-1-vm-5fd4 | infra/backups/pre-migrate-20260216-160349.dump
2026-02-16T21:22:59Z | 0.1.32 | n/a | root | msk-1-vm-5fd4 | infra/backups/pre-migrate-20260216-211754.dump
2026-02-16T21:48:08Z | 0.1.33 | n/a | root | msk-1-vm-5fd4 | infra/backups/pre-migrate-20260216-214247.dump
2026-02-16T22:01:45Z | 0.1.34 | n/a | root | msk-1-vm-5fd4 | infra/backups/pre-migrate-20260216-215636.dump
2026-02-16T22:30:54Z | 0.1.35 | n/a | root | msk-1-vm-5fd4 | infra/backups/pre-migrate-20260216-222549.dump
2026-02-16T22:48:06Z | 0.1.36 | n/a | root | msk-1-vm-5fd4 | infra/backups/pre-migrate-20260216-224337.dump
2026-02-16T23:04:05Z | 0.1.37 | n/a | root | msk-1-vm-5fd4 | infra/backups/pre-migrate-20260216-225912.dump
2026-02-17T08:09:17Z | 0.1.38 | n/a | root | msk-1-vm-5fd4 | infra/backups/pre-migrate-20260217-080017.dump
2026-02-17T08:50:10Z | 0.1.39 | n/a | root | msk-1-vm-5fd4 | infra/backups/pre-migrate-20260217-084411.dump
2026-02-17T09:19:05Z | 0.1.40 | n/a | root | msk-1-vm-5fd4 | infra/backups/pre-migrate-20260217-091231.dump
2026-02-18T10:35:36Z | 0.1.41 | n/a | root | msk-1-vm-5fd4 | infra/backups/pre-migrate-20260218-102932.dump
2026-02-18T11:13:35Z | 0.1.42 | n/a | root | msk-1-vm-5fd4 | infra/backups/pre-migrate-20260218-110329.dump
2026-02-18T12:58:40Z | 0.1.43 | n/a | root | msk-1-vm-5fd4 | infra/backups/pre-migrate-20260218-125253.dump
2026-02-18T13:31:45Z | 0.1.44 | n/a | root | msk-1-vm-5fd4 | infra/backups/pre-migrate-20260218-132502.dump
2026-02-18T14:05:01Z | 0.1.45 | n/a | root | msk-1-vm-5fd4 | infra/backups/pre-migrate-20260218-135757.dump
2026-02-18T21:20:49Z | 0.1.46 | n/a | root | msk-1-vm-5fd4 | infra/backups/pre-migrate-20260218-211953.dump
2026-02-19T08:58:18Z | 0.1.47 | n/a | root | msk-1-vm-5fd4 | infra/backups/pre-migrate-20260219-085648.dump
2026-02-19T09:07:49Z | 0.1.48 | n/a | root | msk-1-vm-5fd4 | infra/backups/pre-migrate-20260219-090706.dump
2026-02-19T09:46:59Z | 0.1.49 | n/a | root | msk-1-vm-5fd4 | infra/backups/pre-migrate-20260219-094617.dump
2026-02-19T09:57:55Z | 0.1.50 | n/a | root | msk-1-vm-5fd4 | infra/backups/pre-migrate-20260219-095714.dump
2026-02-19T10:34:50Z | 0.1.51 | n/a | root | msk-1-vm-5fd4 | infra/backups/pre-migrate-20260219-103411.dump
2026-02-19T10:57:05Z | 0.1.52 | n/a | root | msk-1-vm-5fd4 | infra/backups/pre-migrate-20260219-105625.dump
2026-02-19T11:06:46Z | 0.1.53 | n/a | root | msk-1-vm-5fd4 | infra/backups/pre-migrate-20260219-110602.dump
2026-02-19T11:32:57Z | 0.1.54 | n/a | root | msk-1-vm-5fd4 | infra/backups/pre-migrate-20260219-113207.dump
2026-02-19T11:47:03Z | 0.1.55 | n/a | root | msk-1-vm-5fd4 | infra/backups/pre-migrate-20260219-114618.dump
2026-02-19T12:00:36Z | 0.1.56 | n/a | root | msk-1-vm-5fd4 | infra/backups/pre-migrate-20260219-115948.dump
2026-02-19T12:20:28Z | 0.1.57 | n/a | root | msk-1-vm-5fd4 | infra/backups/pre-migrate-20260219-121943.dump
2026-02-19T12:40:00Z | 0.1.58 | n/a | root | msk-1-vm-5fd4 | infra/backups/pre-migrate-20260219-123920.dump
2026-02-19T13:41:43Z | 0.1.59 | n/a | root | msk-1-vm-5fd4 | infra/backups/pre-migrate-20260219-134100.dump
2026-02-19T13:59:50Z | 0.1.60 | n/a | root | msk-1-vm-5fd4 | infra/backups/pre-migrate-20260219-135906.dump
2026-02-19T14:40:19Z | 0.1.61 | n/a | root | msk-1-vm-5fd4 | infra/backups/pre-migrate-20260219-143938.dump
2026-02-19T14:48:27Z | 0.1.62 | n/a | root | msk-1-vm-5fd4 | infra/backups/pre-migrate-20260219-144749.dump
2026-02-19T14:54:31Z | 0.1.63 | n/a | root | msk-1-vm-5fd4 | infra/backups/pre-migrate-20260219-145352.dump
2026-02-19T15:03:35Z | 0.1.64 | n/a | root | msk-1-vm-5fd4 | infra/backups/pre-migrate-20260219-150256.dump
2026-02-19T15:48:47Z | 0.1.65 | n/a | root | msk-1-vm-5fd4 | infra/backups/pre-migrate-20260219-154807.dump
2026-02-19T16:44:44Z | 0.1.66 | n/a | root | msk-1-vm-5fd4 | infra/backups/pre-migrate-20260219-164359.dump
2026-02-19T16:59:25Z | 0.1.67 | n/a | root | msk-1-vm-5fd4 | infra/backups/pre-migrate-20260219-165844.dump
2026-02-19T17:04:39Z | 0.1.68 | n/a | root | msk-1-vm-5fd4 | infra/backups/pre-migrate-20260219-170400.dump
2026-02-20T08:27:53Z | 0.1.69 | n/a | root | msk-1-vm-5fd4 | infra/backups/pre-migrate-20260220-082705.dump
2026-02-20T10:32:41Z | 0.1.70 | n/a | root | msk-1-vm-5fd4 | infra/backups/pre-migrate-20260220-103154.dump
2026-02-20T11:43:38Z | 0.1.71 | n/a | root | msk-1-vm-5fd4 | infra/backups/pre-migrate-20260220-114239.dump
2026-02-20T13:13:10Z | 0.1.72 | n/a | root | msk-1-vm-5fd4 | infra/backups/pre-migrate-20260220-131209.dump
2026-02-20T13:21:15Z | 0.1.73 | n/a | root | msk-1-vm-5fd4 | infra/backups/pre-migrate-20260220-132025.dump
2026-02-20T13:30:21Z | 0.1.74 | n/a | root | msk-1-vm-5fd4 | infra/backups/pre-migrate-20260220-132915.dump
2026-02-20T13:47:43Z | 0.1.75 | n/a | root | msk-1-vm-5fd4 | infra/backups/pre-migrate-20260220-134642.dump
2026-02-20T13:57:30Z | 0.1.76 | n/a | root | msk-1-vm-5fd4 | infra/backups/pre-migrate-20260220-135631.dump
2026-02-20T14:05:15Z | 0.1.77 | n/a | root | msk-1-vm-5fd4 | infra/backups/pre-migrate-20260220-140418.dump
2026-02-20T14:16:56Z | 0.1.78 | n/a | root | msk-1-vm-5fd4 | infra/backups/pre-migrate-20260220-141600.dump
2026-02-20T14:21:29Z | 0.1.79 | n/a | root | msk-1-vm-5fd4 | infra/backups/pre-migrate-20260220-142033.dump
2026-02-20T15:50:56Z | 0.1.80 | n/a | root | msk-1-vm-5fd4 | infra/backups/pre-migrate-20260220-154955.dump
2026-02-20T16:01:43Z | 0.1.81 | n/a | root | msk-1-vm-5fd4 | infra/backups/pre-migrate-20260220-160047.dump
2026-02-20T16:16:31Z | 0.1.82 | n/a | root | msk-1-vm-5fd4 | infra/backups/pre-migrate-20260220-161537.dump
2026-02-20T16:25:18Z | 0.1.83 | n/a | root | msk-1-vm-5fd4 | infra/backups/pre-migrate-20260220-162425.dump
2026-02-24T13:31:28Z | 0.2.1 | n/a | root | msk-1-vm-5fd4 | infra/backups/pre-migrate-20260224-132817.dump
2026-02-24T13:35:53Z | 0.2.2 | n/a | root | msk-1-vm-5fd4 | infra/backups/pre-migrate-20260224-133448.dump
2026-02-24T13:47:09Z | 0.2.3 | n/a | root | msk-1-vm-5fd4 | infra/backups/pre-migrate-20260224-134606.dump
2026-02-24T13:59:12Z | 0.2.4 | n/a | root | msk-1-vm-5fd4 | infra/backups/pre-migrate-20260224-135818.dump
2026-02-24T14:11:03Z | 0.2.5 | n/a | root | msk-1-vm-5fd4 | infra/backups/pre-migrate-20260224-141001.dump
2026-02-24T14:29:46Z | 0.2.6 | n/a | root | msk-1-vm-5fd4 | infra/backups/pre-migrate-20260224-142847.dump
2026-02-24T14:43:13Z | 0.2.7 | n/a | root | msk-1-vm-5fd4 | infra/backups/pre-migrate-20260224-144221.dump | Timeline day/week: date hover and click now show milestone info and a milestone chooser; when multiple milestones exist on a date, clicking the day/dot opens a picker instead of a random milestone.
2026-02-24T14:51:00Z | 0.2.8 | n/a | root | msk-1-vm-5fd4 | infra/backups/pre-migrate-20260224-145001.dump | Timeline day/week: milestone creation moved from double-click to right-click on date (Create milestone context action), including dates that already have milestones.
2026-02-24T14:58:08Z | 0.2.9 | n/a | root | msk-1-vm-5fd4 | infra/backups/pre-migrate-20260224-145713.dump | Timeline day/week: on dates with multiple milestones, right-click no longer routes to task creation; it now opens a context menu with Create milestone action.
2026-02-24T15:08:09Z | 0.2.10 | n/a | root | msk-1-vm-5fd4 | infra/backups/pre-migrate-20260224-150715.dump | UI: removed status color indicators across the app (filters, tables, task detail cards, task tooltip/context menu). Statuses are now shown as text/emoji only.
2026-02-24T15:54:57Z | 0.2.11 | n/a | root | msk-1-vm-5fd4 | infra/backups/pre-migrate-20260224-155357.dump | Planner refactor: heavy timeline/projects/members logic moved to selectors; task create and edit now share a single rule set for project filtering and repeat validation.
2026-02-24T16:05:24Z | 0.2.12 | n/a | root | msk-1-vm-5fd4 | infra/backups/pre-migrate-20260224-160425.dump | Timeline: double-click on a user row cell now always creates a task (date milestones no longer hijack the action). Deploy: edge functions are force-recreated on release to clear stale deno cache and import errors.
2026-02-24T16:12:50Z | 0.2.13 | n/a | root | msk-1-vm-5fd4 | infra/backups/pre-migrate-20260224-161152.dump | Timeline: user row cells now show task-only context actions; milestone creation was removed from row cells, and row clicks no longer trigger milestone selection/edit.
2026-02-24T16:16:54Z | 0.2.14 | n/a | root | msk-1-vm-5fd4 | infra/backups/pre-migrate-20260224-161601.dump | Timeline: milestone lane (between header dates and user rows) now supports milestone creation via double-click on a date cell.
2026-02-25T11:33:40Z | 0.2.15 | n/a | root | msk-1-vm-5fd4 | infra/backups/pre-migrate-20260225-113206.dump | Planner: moved Supabase requests from member/task UI components into store actions so UI flows use one scenario layer with predictable sync/error handling.
2026-02-25T11:57:09Z | 0.2.16 | n/a | root | msk-1-vm-5fd4 | infra/backups/pre-migrate-20260225-115611.dump | Planner: deduplicated repeat/project query rules between task create/edit flows so filtering and validation behavior stays consistent and covered by tests.
2026-02-25T14:03:53Z | 0.2.17 | n/a | root | msk-1-vm-5fd4 | infra/backups/pre-migrate-20260225-140257.dump | User-facing release logs were refreshed with detailed change notes for versions `0.2.15` and `0.2.16`.
2026-02-25T22:37:39Z | 0.2.18 | n/a | root | msk-1-vm-5fd4 | infra/backups/pre-migrate-20260225-223627.dump | Rebranding: project and user-facing surfaces were renamed to Motio (updated page titles, auth/account branding, and Keycloak/email display name).
2026-02-25T22:48:44Z | 0.2.19 | n/a | root | msk-1-vm-5fd4 | infra/backups/pre-migrate-20260225-224740.dump | No documented changes.
2026-02-25T23:00:09Z | 0.2.20 | n/a | root | msk-1-vm-5fd4 | infra/backups/pre-migrate-20260225-225906.dump | No documented changes.
2026-02-26T12:18:23Z | 0.2.21 | n/a | root | msk-1-vm-5fd4 | infra/backups/pre-migrate-20260226-121704.dump | No documented changes.
2026-02-26T15:12:48Z | 0.2.22 | n/a | root | msk-1-vm-5fd4 | infra/backups/pre-migrate-20260226-151142.dump | No documented changes.
2026-02-26T15:16:38Z | 0.2.23 | n/a | root | msk-1-vm-5fd4 | infra/backups/pre-migrate-20260226-151528.dump | No documented changes.
2026-03-01T09:39:21Z | 0.2.24 | n/a | root | msk-1-vm-5fd4 | infra/backups/pre-migrate-20260301-093811.dump | No documented changes.
2026-03-01T09:49:01Z | 0.2.25 | n/a | root | msk-1-vm-5fd4 | infra/backups/pre-migrate-20260301-094749.dump | No documented changes.
2026-03-01T10:01:32Z | 0.2.26 | n/a | root | msk-1-vm-5fd4 | infra/backups/pre-migrate-20260301-100014.dump | No documented changes.
2026-03-01T10:11:48Z | 0.2.27 | n/a | root | msk-1-vm-5fd4 | infra/backups/pre-migrate-20260301-101046.dump | No documented changes.
2026-03-01T10:18:08Z | 0.2.28 | n/a | root | msk-1-vm-5fd4 | infra/backups/pre-migrate-20260301-101709.dump | No documented changes.
2026-03-01T10:26:00Z | 0.2.29 | n/a | root | msk-1-vm-5fd4 | infra/backups/pre-migrate-20260301-102456.dump | No documented changes.
2026-03-01T10:36:53Z | 0.2.30 | n/a | root | msk-1-vm-5fd4 | infra/backups/pre-migrate-20260301-103553.dump | No documented changes.
2026-03-01T10:51:59Z | 0.2.31 | n/a | root | msk-1-vm-5fd4 | infra/backups/pre-migrate-20260301-105058.dump | No documented changes.
2026-03-01T11:09:07Z | 0.2.32 | n/a | root | msk-1-vm-5fd4 | infra/backups/pre-migrate-20260301-110808.dump | No documented changes.
2026-03-01T11:16:47Z | 0.2.33 | n/a | root | msk-1-vm-5fd4 | infra/backups/pre-migrate-20260301-111545.dump | No documented changes.
2026-03-01T11:23:01Z | 0.2.34 | n/a | root | msk-1-vm-5fd4 | infra/backups/pre-migrate-20260301-112203.dump | No documented changes.
2026-03-01T11:29:37Z | 0.2.35 | n/a | root | msk-1-vm-5fd4 | infra/backups/pre-migrate-20260301-112840.dump | No documented changes.
2026-03-01T11:41:02Z | 0.2.36 | n/a | root | msk-1-vm-5fd4 | infra/backups/pre-migrate-20260301-113959.dump | No documented changes.
2026-03-01T11:49:12Z | 0.2.37 | n/a | root | msk-1-vm-5fd4 | infra/backups/pre-migrate-20260301-114757.dump | No documented changes.
2026-03-01T11:54:26Z | 0.2.38 | n/a | root | msk-1-vm-5fd4 | infra/backups/pre-migrate-20260301-115326.dump | No documented changes.
2026-03-01T12:54:59Z | 0.2.39 | n/a | root | msk-1-vm-5fd4 | infra/backups/pre-migrate-20260301-125348.dump | No documented changes.
2026-03-01T13:05:24Z | 0.2.40 | n/a | root | msk-1-vm-5fd4 | infra/backups/pre-migrate-20260301-130410.dump | No documented changes.
2026-03-01T13:20:24Z | 0.2.41 | n/a | root | msk-1-vm-5fd4 | infra/backups/pre-migrate-20260301-131915.dump | No documented changes.
2026-03-01T14:08:20Z | 0.2.42 | n/a | root | msk-1-vm-5fd4 | infra/backups/pre-migrate-20260301-140719.dump | No documented changes.
2026-03-01T14:18:09Z | 0.2.43 | n/a | root | msk-1-vm-5fd4 | infra/backups/pre-migrate-20260301-141707.dump | No documented changes.
2026-03-01T14:28:11Z | 0.2.44 | n/a | root | msk-1-vm-5fd4 | infra/backups/pre-migrate-20260301-142710.dump | No documented changes.
2026-03-01T14:34:57Z | 0.2.45 | n/a | root | msk-1-vm-5fd4 | infra/backups/pre-migrate-20260301-143353.dump | No documented changes.
2026-03-01T15:21:31Z | 0.2.46 | n/a | root | msk-1-vm-5fd4 | infra/backups/pre-migrate-20260301-152028.dump | No documented changes.
2026-03-01T15:31:45Z | 0.2.47 | n/a | root | msk-1-vm-5fd4 | infra/backups/pre-migrate-20260301-153045.dump | No documented changes.
2026-03-01T15:47:55Z | 0.2.48 | n/a | root | msk-1-vm-5fd4 | infra/backups/pre-migrate-20260301-154647.dump | No documented changes.
2026-03-01T16:02:50Z | 0.2.49 | n/a | root | msk-1-vm-5fd4 | infra/backups/pre-migrate-20260301-160149.dump | No documented changes.
2026-03-02T09:14:40Z | 0.2.50 | n/a | root | msk-1-vm-5fd4 | infra/backups/pre-migrate-20260302-091329.dump | No documented changes.
2026-03-02T09:30:32Z | 0.2.51 | n/a | root | msk-1-vm-5fd4 | infra/backups/pre-migrate-20260302-092911.dump | No documented changes.
2026-03-02T09:47:06Z | 0.2.52 | n/a | root | msk-1-vm-5fd4 | infra/backups/pre-migrate-20260302-094555.dump | No documented changes.
2026-03-02T21:20:55Z | 0.2.53 | n/a | root | msk-1-vm-5fd4 | infra/backups/pre-migrate-20260302-211946.dump | No documented changes.
2026-03-02T22:46:45Z | 0.2.54 | n/a | root | msk-1-vm-5fd4 | infra/backups/pre-migrate-20260302-224541.dump | No documented changes.
2026-03-03T21:43:59Z | 0.2.55 | n/a | root | msk-1-vm-5fd4 | infra/backups/pre-migrate-20260303-214234.dump | No documented changes.
2026-03-03T22:10:55Z | 0.2.56 | n/a | root | msk-1-vm-5fd4 | infra/backups/pre-migrate-20260303-220942.dump | No documented changes.
2026-03-03T22:23:18Z | 0.2.57 | n/a | root | msk-1-vm-5fd4 | infra/backups/pre-migrate-20260303-222211.dump | No documented changes.
2026-03-03T23:06:04Z | 0.2.58 | n/a | root | msk-1-vm-5fd4 | infra/backups/pre-migrate-20260303-230503.dump | No documented changes.
2026-03-05T16:32:53Z | 0.2.60 | n/a | root | msk-1-vm-5fd4 | infra/backups/pre-migrate-20260305-162924.dump | Fixed dashboard crash on /app/dashboard caused by a missing Settings import ('Settings is not defined').
2026-03-05T21:01:49Z | 0.2.61 | n/a | root | msk-1-vm-5fd4 | infra/backups/pre-migrate-20260305-205942.dump | No documented changes.
2026-03-05T22:41:18Z | 0.2.62 | n/a | root | msk-1-vm-5fd4 | infra/backups/pre-migrate-20260305-223936.dump | No documented changes.
2026-03-05T23:32:27Z | 0.2.63 | n/a | root | msk-1-vm-5fd4 | infra/backups/pre-migrate-20260305-233144.dump | No documented changes.
2026-03-05T23:38:28Z | 0.2.64 | n/a | root | msk-1-vm-5fd4 | infra/backups/pre-migrate-20260305-233737.dump | No documented changes.
2026-03-06T08:15:40Z | 0.2.65 | n/a | root | msk-1-vm-z76s | infra/backups/pre-migrate-20260306-081419.dump | No documented changes.
2026-03-06T08:18:27Z | 0.2.66 | n/a | root | msk-1-vm-z76s | infra/backups/pre-migrate-20260306-081731.dump | No documented changes.
2026-03-06T10:31:00Z | 0.2.67 | n/a | root | msk-1-vm-z76s | infra/backups/pre-migrate-20260306-103016.dump | Fixed assignee picker ordering while popover is open: no jump or auto-scroll until it closes.
2026-03-06T17:41:33Z | 0.2.68 | n/a | root | msk-1-vm-z76s | infra/backups/pre-migrate-20260306-174050.dump | Styled Keycloak 'Account already exists' linking screens to match Motio and added a return-to-home action on login pages.
2026-03-06T17:51:01Z | 0.2.69 | n/a | root | msk-1-vm-z76s | infra/backups/pre-migrate-20260306-175005.dump | Fixed Keycloak 'Account already exists' screen: action buttons no longer merge and text is compact; 'Return to Home' is now placed above the footer signature.
2026-03-06T18:16:52Z | 0.2.70 | n/a | root | msk-1-vm-z76s | infra/backups/pre-migrate-20260306-181600.dump | Keycloak: increased spacing between cards on 'Account already exists', made the back-to-other-sign-in action explicit, and aligned the warning block with Motio styling.
2026-03-06T18:25:42Z | 0.2.71 | n/a | root | msk-1-vm-z76s | infra/backups/pre-migrate-20260306-182450.dump | No documented changes.
2026-03-06T18:41:40Z | 0.2.72 | n/a | root | msk-1-vm-z76s | infra/backups/pre-migrate-20260306-184048.dump | No documented changes.
2026-03-07T10:29:31Z | 0.2.73 | n/a | root | msk-1-vm-z76s | infra/backups/pre-migrate-20260307-102850.dump | No documented changes.
2026-03-07T10:46:14Z | 0.2.74 | n/a | root | msk-1-vm-z76s | infra/backups/pre-migrate-20260307-104533.dump | No documented changes.
2026-03-07T11:08:49Z | 0.2.75 | n/a | root | msk-1-vm-z76s | infra/backups/pre-migrate-20260307-110809.dump | No documented changes.
2026-03-07T12:06:39Z | 0.2.76 | n/a | root | msk-1-vm-z76s | infra/backups/pre-migrate-20260307-120557.dump | No documented changes.
2026-03-07T12:19:52Z | 0.2.77 | n/a | root | msk-1-vm-z76s | infra/backups/pre-migrate-20260307-121912.dump | No documented changes.
2026-03-07T12:34:01Z | 0.2.78 | n/a | root | msk-1-vm-z76s | infra/backups/pre-migrate-20260307-123322.dump | Team: moved Active/Disabled/History access views and search into the left sidebar.
2026-03-07T12:38:50Z | 0.2.79 | n/a | root | msk-1-vm-z76s | infra/backups/pre-migrate-20260307-123810.dump | Team: aligned width and internal layout of Active/Disabled/History controls in the access sidebar.
2026-03-07T12:52:13Z | 0.2.80 | n/a | root | msk-1-vm-z76s | infra/backups/pre-migrate-20260307-125134.dump | Planner: long timeline tasks now shift their label into the visible segment and hide secondary info when space is tight.
2026-03-07T12:58:52Z | 0.2.81 | n/a | root | msk-1-vm-z76s | infra/backups/pre-migrate-20260307-125812.dump | Planner: timeline label shifting now applies only to genuinely long tasks, while short partially clipped tasks keep their default label position.
2026-03-07T13:07:40Z | 0.2.82 | n/a | root | msk-1-vm-z76s | infra/backups/pre-migrate-20260307-130700.dump | Planner: timeline task labels now stay in place when the title is already visible, and the project name remains in the default layout.
2026-03-07T13:13:51Z | 0.2.83 | n/a | root | msk-1-vm-z76s | infra/backups/pre-migrate-20260307-131311.dump | Planner: long timeline tasks now show the remaining title in a compact two-line mode instead of truncating too early.
2026-03-07T13:19:18Z | 0.2.84 | n/a | root | msk-1-vm-z76s | infra/backups/pre-migrate-20260307-131838.dump | Planner: long timeline task titles stop shifting inside the bar once they reach the visible boundary.
2026-03-07T13:51:03Z | 0.2.85 | n/a | root | msk-1-vm-z76s | infra/backups/pre-migrate-20260307-135018.dump | Planner: minimal shifted task titles now reach the visible boundary correctly and remain readable.
2026-03-07T14:01:09Z | 0.2.86 | n/a | root | msk-1-vm-z76s | infra/backups/pre-migrate-20260307-140030.dump | Planner: long timeline task titles now stay within the visible segment and do not drift deeper into the bar after shifting.
2026-03-07T14:08:25Z | 0.2.87 | n/a | root | msk-1-vm-z76s | infra/backups/pre-migrate-20260307-140747.dump | Planner: removed the experimental timeline task title shifting so labels render again in their original static layout.
2026-03-07T17:22:23Z | 0.2.88 | n/a | root | msk-1-vm-z76s | infra/backups/pre-migrate-20260307-172143.dump | No documented changes.
2026-03-07T17:44:01Z | 0.2.89 | n/a | root | msk-1-vm-z76s | infra/backups/pre-migrate-20260307-174322.dump | Workspace settings: the General and Workflow top tabs now use the shared project tab style.
2026-03-08T11:12:54Z | 0.2.90 | n/a | root | msk-1-vm-z76s | infra/backups/pre-migrate-20260308-111210.dump | No documented changes.
2026-03-08T15:10:04Z | 0.2.91 | n/a | root | msk-1-vm-z76s | infra/backups/pre-migrate-20260308-150922.dump | No documented changes.
2026-03-08T15:22:51Z | 0.2.92 | n/a | root | msk-1-vm-z76s | infra/backups/pre-migrate-20260308-152209.dump | No documented changes.
2026-03-09T10:57:20Z | 0.2.93 | n/a | root | msk-1-vm-z76s | infra/backups/pre-migrate-20260309-105649.dump | n/a
2026-03-09T10:58:12Z | 0.2.93 | n/a | root | msk-1-vm-z76s | infra/backups/pre-migrate-20260309-105732.dump | No documented changes.
2026-03-09T11:05:10Z | 0.2.94 | n/a | root | msk-1-vm-z76s | infra/backups/pre-migrate-20260309-110427.dump | Public branding assets refreshed: the site now uses the updated favicon and public images.
2026-03-09T11:21:14Z | 0.2.95 | n/a | root | msk-1-vm-z76s | infra/backups/pre-migrate-20260309-112031.dump | Favicon assets are now synchronized across the public site and login screen: fallback icons, edge proxy routes, and the Keycloak theme favicon were updated.
2026-03-09T11:34:18Z | 0.2.96 | n/a | root | msk-1-vm-z76s | infra/backups/pre-migrate-20260309-113333.dump | Favicons now follow the browser color scheme: the light icon is used in light mode, the dark icon in dark mode, including the login screen.
2026-03-09T12:07:25Z | 0.2.97 | n/a | root | msk-1-vm-z76s | infra/backups/pre-migrate-20260309-120639.dump | The login screen now serves the correct favicon immediately for light and dark browser themes.
2026-03-11T00:01:50Z | 0.2.98 | n/a | root | msk-1-vm-z76s | infra/backups/pre-migrate-20260311-000041.dump | Task comments: editor with @mentions, notifications, and a timeline counter.
2026-03-11T00:46:09Z | 0.3.0 | n/a | root | msk-1-vm-z76s | infra/backups/pre-migrate-20260311-004515.dump | Planner comments: live-synced timeline counters and a more compact comment editor.
2026-03-11T01:01:56Z | 0.3.1 | n/a | root | msk-1-vm-z76s | infra/backups/pre-migrate-20260311-010059.dump | Comment @mention now shows all workspace members, not only task assignees.
2026-03-11T01:09:40Z | 0.3.2 | n/a | root | msk-1-vm-z76s | infra/backups/pre-migrate-20260311-010845.dump | Fixed comment @mention popup: clicking the toolbar button now shows a visible workspace member list with names and monograms.
2026-03-11T01:16:17Z | 0.3.3 | n/a | root | msk-1-vm-z76s | infra/backups/pre-migrate-20260311-011526.dump | Fixed comment @mention: the user picker now opens when typing @ inside contenteditable wrapper nodes, with workspace member names and monograms.
2026-03-11T01:36:20Z | 0.3.4 | n/a | root | msk-1-vm-z76s | infra/backups/pre-migrate-20260311-013522.dump | Fixed: the comment @mention picker opens next to the caret again and stays visible inside the viewport.
2026-03-11T08:33:29Z | 0.3.5 | n/a | root | msk-1-vm-z76s | infra/backups/pre-migrate-20260311-083246.dump | Fixed: the comment mention popup now opens next to the @ button or caret and allows scrolling through the full member list.
2026-03-11T08:46:30Z | 0.3.6 | n/a | root | msk-1-vm-z76s | infra/backups/pre-migrate-20260311-084547.dump | Fixed: the comment mention popup now renders through a portal and no longer drifts inside dialogs, and @mention notifications are no longer mislabeled as task assignments.
2026-03-11T09:19:53Z | 0.3.7 | n/a | root | msk-1-vm-z76s | infra/backups/pre-migrate-20260311-091913.dump | Improved the comment mention picker so it scrolls, candidate clicks insert mentions reliably, and hovered members are highlighted.
2026-03-11T09:38:19Z | 0.3.8 | n/a | root | msk-1-vm-z76s | infra/backups/pre-migrate-20260311-093738.dump | New tasks now default to no project. A project is preselected only when task creation is opened from an explicit project context such as a project row.
2026-03-11T09:53:22Z | 0.3.9 | n/a | root | msk-1-vm-z76s | infra/backups/pre-migrate-20260311-095241.dump | Fixed the comment mention popup inside the task detail modal so the member list can be scrolled and selected again without the modal layer blocking interactions.
2026-03-11T10:09:39Z | 0.3.10 | n/a | root | msk-1-vm-z76s | infra/backups/pre-migrate-20260311-100859.dump | Added a bulk 'Delete all' action to notifications so task notifications can be removed directly from the dropdown in one step.
2026-03-11T10:25:02Z | 0.3.11 | n/a | root | msk-1-vm-z76s | infra/backups/pre-migrate-20260311-102421.dump | Fixed notification delete button localization, preserved timeline sidebar width across locale changes, and added comment counts to team task previews.
2026-03-11T10:40:07Z | 0.3.12 | n/a | root | msk-1-vm-z76s | infra/backups/pre-migrate-20260311-103927.dump | Fixed comment count loading in team task previews: large task_comments queries are now batched, live sync no longer hits 502, and the card no longer shows a false 0 before the real count arrives.
2026-03-12T13:40:16Z | 0.3.13 | n/a | root | msk-1-vm-z76s | infra/backups/pre-migrate-20260312-133934.dump | No documented changes.
2026-03-12T13:43:17Z | 0.3.14 | n/a | root | msk-1-vm-z76s | infra/backups/pre-migrate-20260312-134234.dump | No documented changes.
2026-03-12T13:56:06Z | 0.3.15 | n/a | root | msk-1-vm-z76s | infra/backups/pre-migrate-20260312-135528.dump | No documented changes.
2026-03-12T14:10:31Z | 0.3.16 | n/a | root | msk-1-vm-z76s | infra/backups/pre-migrate-20260312-140952.dump | No documented changes.
2026-03-12T15:17:06Z | 0.3.17 | n/a | root | msk-1-vm-z76s | infra/backups/pre-migrate-20260312-151614.dump | No documented changes.
2026-03-12T16:28:27Z | 0.3.18 | n/a | root | msk-1-vm-z76s | infra/backups/pre-migrate-20260312-162727.dump | No documented changes.
2026-03-13T14:24:25Z | 0.3.19 | n/a | root | msk-1-vm-z76s | infra/backups/pre-migrate-20260313-142346.dump | No documented changes.
2026-03-13T15:11:30Z | 0.3.20 | n/a | root | msk-1-vm-z76s | infra/backups/pre-migrate-20260313-151051.dump | No documented changes.
2026-03-14T14:33:32Z | 0.3.21 | n/a | root | msk-1-vm-z76s | infra/backups/pre-migrate-20260314-143254.dump | No documented changes.
2026-03-14T14:40:54Z | 0.3.22 | n/a | root | msk-1-vm-z76s | infra/backups/pre-migrate-20260314-144016.dump | No documented changes.
2026-03-15T14:56:05Z | 0.3.23 | n/a | root | msk-1-vm-z76s | infra/backups/pre-migrate-20260315-145521.dump | No documented changes.
2026-03-15T15:17:58Z | 0.3.24 | n/a | root | msk-1-vm-z76s | infra/backups/pre-migrate-20260315-151714.dump | No documented changes.
2026-03-15T15:29:27Z | 0.3.25 | n/a | root | msk-1-vm-z76s | infra/backups/pre-migrate-20260315-152847.dump | No documented changes.
2026-03-15T15:32:12Z | 0.3.26 | n/a | root | msk-1-vm-z76s | infra/backups/pre-migrate-20260315-153132.dump | Added a morning Daily brief and fixed timeline sidebar resizing plus comment loading with live counters.
2026-03-16T16:51:28Z | 0.3.30 | n/a | root | msk-1-vm-z76s | infra/backups/pre-migrate-20260316-165050.dump | No documented changes.
2026-03-16T16:58:58Z | 0.3.31 | n/a | root | msk-1-vm-z76s | infra/backups/pre-migrate-20260316-165819.dump | No documented changes.
2026-03-16T19:02:33Z | 0.3.36 | n/a | root | msk-1-vm-z76s | infra/backups/pre-migrate-20260316-190138.dump | Profile photo upload; member avatars on timeline; daily brief toggle in account settings
2026-03-16T19:19:03Z | 0.3.38 | n/a | root | msk-1-vm-z76s | infra/backups/pre-migrate-20260316-191809.dump | Fixed square overlay mask on avatar in mobile timeline view
2026-03-16T22:04:40Z | 0.3.40 | n/a | root | msk-1-vm-z76s | infra/backups/pre-migrate-20260316-220351.dump | Milestone dialog now uses the same project search and picker as task forms.
2026-03-16T22:24:14Z | 0.3.41 | n/a | root | msk-1-vm-z76s | infra/backups/pre-migrate-20260316-222326.dump | Opening a task in the timeline from the members page now clears stale selection and scrolls the target card into view.
2026-03-16T22:38:44Z | 0.3.42 | n/a | root | msk-1-vm-z76s | infra/backups/pre-migrate-20260316-223754.dump | No documented changes.
2026-03-17T13:12:53Z | 0.3.43 | n/a | root | msk-1-vm-z76s | infra/backups/pre-migrate-20260317-131152.dump | No documented changes.
2026-03-18T15:11:17Z | 0.3.44 | n/a | root | msk-1-vm-z76s | infra/backups/pre-migrate-20260318-151032.dump | Morning Daily brief and its disable toggle; profile photo upload and member avatars on the timeline; split current and past project tasks; fixes for timeline, comments, and repeat tasks, including change-scope selection and correct relative series shifting.
2026-03-19T08:49:49Z | 0.3.45 | n/a | root | msk-1-vm-z76s | infra/backups/pre-migrate-20260319-084909.dump | No documented changes.
2026-03-20T13:35:37Z | 0.3.46 | n/a | root | msk-1-vm-z76s | infra/backups/pre-migrate-20260320-133456.dump | Improved planner timeline period controls with a smoother month label and a date picker.
2026-03-20T14:47:53Z | 0.3.47 | n/a | root | msk-1-vm-z76s | infra/backups/pre-migrate-20260320-144714.dump | Timeline holiday data now loads more reliably through a backend proxy, and drag scrolling is smoother on long ranges.
2026-03-20T14:52:50Z | 0.3.48 | n/a | root | msk-1-vm-z76s | infra/backups/pre-migrate-20260320-145210.dump | Fixed task loading for large timeline ranges: the gateway no longer fails long tasks requests with 502 responses.
2026-03-23T09:34:48Z | 0.3.52 | n/a | root | msk-1-vm-z76s | infra/backups/pre-migrate-20260323-093406.dump | No documented changes.
2026-03-23T10:09:09Z | 0.3.53 | n/a | root | msk-1-vm-z76s | infra/backups/pre-migrate-20260323-100828.dump | No documented changes.
2026-03-27T15:29:27Z | 0.3.54 | n/a | root | msk-1-vm-z76s | infra/backups/pre-migrate-20260327-152845.dump | No documented changes.
2026-03-30T15:26:45Z | 0.3.57 | n/a | root | msk-1-vm-z76s | infra/backups/pre-migrate-20260330-152603.dump | No documented changes.
2026-03-30T15:35:26Z | 0.3.58 | n/a | root | msk-1-vm-z76s | infra/backups/pre-migrate-20260330-153443.dump | No documented changes.
2026-03-31T06:13:01Z | 0.3.59 | n/a | root | msk-1-vm-z76s | infra/backups/pre-migrate-20260331-061221.dump | No documented changes.
2026-03-31T07:02:42Z | 0.3.60 | n/a | root | msk-1-vm-z76s | infra/backups/pre-migrate-20260331-070201.dump | No documented changes.
2026-03-31T07:13:04Z | 0.3.61 | n/a | root | msk-1-vm-z76s | infra/backups/pre-migrate-20260331-071224.dump | No documented changes.
2026-03-31T12:56:31Z | 0.3.62 | n/a | root | msk-1-vm-z76s | infra/backups/pre-migrate-20260331-125551.dump | No documented changes.
2026-03-31T13:01:42Z | 0.3.63 | n/a | root | msk-1-vm-z76s | infra/backups/pre-migrate-20260331-130101.dump | No documented changes.
2026-03-31T13:09:16Z | 0.3.64 | n/a | root | msk-1-vm-z76s | infra/backups/pre-migrate-20260331-130836.dump | No documented changes.
2026-03-31T13:14:21Z | 0.3.65 | n/a | root | msk-1-vm-z76s | infra/backups/pre-migrate-20260331-131340.dump | No documented changes.
2026-04-01T10:06:41Z | 0.3.66 | n/a | root | msk-1-vm-z76s | infra/backups/pre-migrate-20260401-100601.dump | No documented changes.
2026-04-01T18:28:01Z | 0.3.67 | n/a | root | msk-1-vm-z76s | infra/backups/pre-migrate-20260401-182713.dump | No documented changes.
2026-04-03T09:16:45Z | 0.3.68 | n/a | root | msk-1-vm-z76s | infra/backups/pre-migrate-20260403-091547.dump | No documented changes.
2026-04-03T09:33:35Z | 0.3.69 | n/a | root | msk-1-vm-z76s | infra/backups/pre-migrate-20260403-093252.dump | Enable transaction tracing in GlitchTip (tracesSampleRate 20%)
2026-04-03T09:42:39Z | 0.3.70 | n/a | root | msk-1-vm-z76s | infra/backups/pre-migrate-20260403-094156.dump | No documented changes.
2026-04-03T14:35:51Z | 0.3.71 | n/a | root | msk-1-vm-z76s | infra/backups/pre-migrate-20260403-143508.dump | No documented changes.
2026-04-03T14:51:33Z | 0.3.72 | n/a | root | msk-1-vm-z76s | infra/backups/pre-migrate-20260403-145051.dump | No documented changes.
2026-04-03T14:56:21Z | 0.3.73 | n/a | root | msk-1-vm-z76s | infra/backups/pre-migrate-20260403-145538.dump | No documented changes.
2026-04-03T16:32:58Z | 0.3.74 | n/a | root | msk-1-vm-z76s | infra/backups/pre-migrate-20260403-163215.dump | No documented changes.
2026-04-03T16:45:41Z | 0.3.75 | n/a | root | msk-1-vm-z76s | infra/backups/pre-migrate-20260403-164457.dump | No documented changes.
2026-04-03T20:54:11Z | 0.3.76 | n/a | root | msk-1-vm-z76s | infra/backups/pre-migrate-20260403-205330.dump | No documented changes.
2026-04-03T20:57:19Z | 0.3.77 | n/a | root | msk-1-vm-z76s | infra/backups/pre-migrate-20260403-205637.dump | No documented changes.
2026-04-04T09:41:13Z | 0.3.78 | n/a | root | msk-1-vm-z76s | infra/backups/pre-migrate-20260404-094027.dump | No documented changes.
2026-04-04T14:52:04Z | 0.3.79 | n/a | root | msk-1-vm-z76s | infra/backups/pre-migrate-20260404-145106.dump | No documented changes.
2026-04-04T15:09:06Z | 0.3.80 | n/a | root | msk-1-vm-z76s | infra/backups/pre-migrate-20260404-150822.dump | No documented changes.
2026-04-06T09:46:37Z | 0.3.81 | n/a | root | msk-1-vm-z76s | infra/backups/pre-migrate-20260406-094552.dump | No documented changes.
2026-04-12T19:50:57Z | 0.3.82 | n/a | root | msk-1-vm-z76s | infra/backups/pre-migrate-20260412-195011.dump | No documented changes.
2026-04-14T10:25:07Z | 0.3.83 | n/a | root | msk-1-vm-z76s | infra/backups/pre-migrate-20260414-102406.dump | No documented changes.
2026-04-19T19:48:30Z | 0.3.84 | n/a | root | msk-1-vm-z76s | infra/backups/pre-migrate-20260419-194742.dump | No documented changes.
2026-04-21T12:08:55Z | 0.3.85 | n/a | root | msk-1-vm-z76s | infra/backups/pre-migrate-20260421-120812.dump | No documented changes.
2026-04-22T12:40:20Z | 0.4.0 | n/a | root | msk-1-vm-z76s | infra/backups/pre-migrate-20260422-123915.dump | Account deletion with a 30-day grace period, data export, and the new tabbed Account Settings layout (Profile / Preferences / Data).
2026-04-22T13:10:38Z | 0.4.1 | n/a | root | msk-1-vm-z76s | infra/backups/pre-migrate-20260422-130950.dump | No documented changes.
2026-04-22T13:22:48Z | 0.4.2 | n/a | root | msk-1-vm-z76s | infra/backups/pre-migrate-20260422-132159.dump | No documented changes.
2026-04-22T19:23:17Z | 0.4.3 | n/a | root | msk-1-vm-z76s | infra/backups/pre-migrate-20260422-192235.dump | Task-media garbage collection: images are now removed from Storage and `public.task_media` when they are deleted from a task description or when the parent task is deleted (previously they leaked).
2026-04-22T19:50:59Z | 0.4.5 | n/a | root | msk-1-vm-z76s | infra/backups/pre-migrate-20260422-195018.dump | Timeline perf: scoped TaskBar store subscriptions, rAF-throttled hover tooltip, removed custom smooth-wheel scroll.
2026-04-22T20:24:54Z | 0.4.7 | n/a | root | msk-1-vm-z76s | infra/backups/pre-migrate-20260422-202413.dump | Timeline task bars now have a small top padding inside their row — no longer flush against the row's top border.
2026-04-22T21:19:57Z | 0.4.9 | n/a | root | msk-1-vm-z76s | infra/backups/pre-migrate-20260422-211916.dump | Fixed milestone list sorting: the 'Upcoming' tab now shows the soonest dates on top (April → May → July), and the 'Past' tab shows the most recent past dates first.
2026-04-24T11:49:50Z | 0.4.13 | n/a | root | msk-1-vm-z76s | infra/backups/pre-migrate-20260424-114902.dump | No documented changes.
2026-04-24T14:49:18Z | 0.4.14 | n/a | root | msk-1-vm-z76s | infra/backups/pre-migrate-20260424-144833.dump | No documented changes.
2026-04-25T08:48:23Z | 0.4.15 | n/a | root | msk-1-vm-z76s | infra/backups/pre-migrate-20260425-084738.dump | No documented changes.
2026-04-25T09:12:26Z | 0.4.16 | n/a | root | msk-1-vm-z76s | infra/backups/pre-migrate-20260425-091139.dump | No documented changes.
2026-04-25T09:45:10Z | 0.4.17 | n/a | root | msk-1-vm-z76s | infra/backups/pre-migrate-20260425-094412.dump | No documented changes.
2026-04-25T10:06:17Z | 0.4.18 | n/a | root | msk-1-vm-z76s | infra/backups/pre-migrate-20260425-100532.dump | No documented changes.
2026-04-25T10:27:34Z | 0.4.19 | n/a | root | msk-1-vm-z76s | infra/backups/pre-migrate-20260425-102647.dump | No documented changes.
2026-04-25T10:47:20Z | 0.4.20 | n/a | root | msk-1-vm-z76s | infra/backups/pre-migrate-20260425-104634.dump | No documented changes.
2026-04-27T11:07:14Z | 0.4.21 | n/a | root | msk-1-vm-z76s | infra/backups/pre-migrate-20260427-110626.dump | Landing: removed em-dashes, copy reads more naturally.
2026-04-29T12:45:56Z | 0.4.28 | n/a | root | msk-1-vm-z76s | infra/backups/pre-migrate-20260429-124503.dump | Major Q2 release. Mobile UI fully redesigned: round section buttons in the header with an expanding pill, floating primary-action button, collapsible search/filters in Member and Project panels, pill-nav carousels for Projects and Team subsections, and a clean Calendar view without floating buttons. Added 30-day account deletion with full data export delivered as a ZIP with notifications, a morning Daily Brief showing today's tasks and milestones, an extended onboarding tour across all workspace pages, a Terms page, and consent flows for data processing. Timeline: milestones now render as project-colored diamond chips with stacking and a click-through menu; added every-4-weeks repeat interval and explicit scope selection when moving repeating tasks; task comments now sync in real time. Task media moved to object storage with non-ASCII file name support. Security hardened: tightened HTML sanitization, baseline security headers, and workspace invites readable by admins only.
2026-04-29T13:06:46Z | 0.4.30 | n/a | root | msk-1-vm-z76s | infra/backups/pre-migrate-20260429-130554.dump | Desktop header: a small Motio logo appears in the top-left corner; clicking it returns to the Timeline.
2026-04-30T11:46:32Z | 0.4.31 | n/a | root | msk-1-vm-z76s | infra/backups/pre-migrate-20260430-114545.dump | No documented changes.
2026-05-03T21:52:13Z | 0.4.32 | n/a | root | msk-1-vm-z76s | infra/backups/pre-migrate-20260503-215125.dump | No-signup demo sandbox at `/demo`: a sample workspace with 13 projects, 52 tasks and 42 milestones pre-distributed ±2 months around today. Visitors can play with the timeline, filters, dashboards and the team page; edits live only in the current tab. The session resets when the tab closes or after 24 hours of inactivity. The landing page gains two "Try demo" entry points (header link and hero outline button). The whole demo runs in the browser — no extra backend.
2026-05-03T22:23:39Z | 0.4.33 | n/a | root | msk-1-vm-z76s | infra/backups/pre-migrate-20260503-222253.dump | No documented changes.
2026-05-03T22:28:06Z | 0.4.34 | n/a | root | msk-1-vm-z76s | infra/backups/pre-migrate-20260503-222722.dump | No documented changes.
2026-05-08T13:50:02Z | 0.5.0 | n/a | root | msk-1-vm-z76s | infra/backups/pre-migrate-20260508-134911.dump | Full new project-card UI on desktop and mobile — behind `VITE_FEATURE_PROJECT_CARD` (desktop) and `VITE_FEATURE_PROJECT_CARD_MOBILE` (mobile, implies the first flag). The card stacks into one view: Customer with tagged contacts; Team (Motio + external members, avatars, tags, grouping); Milestones with timeline of past/upcoming and quick add; Notes (formerly "Activity") with rich-text editor, images, search and jump-to-date; project Tasks.
2026-05-08T13:54:59Z | 0.5.1 | n/a | root | msk-1-vm-z76s | infra/backups/pre-migrate-20260508-135412.dump | No documented changes.
2026-05-08T16:51:35Z | 0.6.0 | n/a | root | msk-1-vm-z76s | infra/backups/pre-migrate-20260508-165037.dump | Pin/unpin notes inside a project: any editor can pin a note — it floats to the top of the feed and gains an amber accent. An inline icon on each row (next to the author) toggles the pin in one click without opening the modal; the same action lives behind the `⋯` menu inside the note modal. Migration `0088` adds `project_activity.pinned` with a partial index to keep the pinned-first sort cheap.
2026-05-08T17:17:12Z | 0.7.0 | n/a | root | msk-1-vm-z76s | infra/backups/pre-migrate-20260508-171626.dump | Team block now lets you edit external members in full — name, company, role, on top of the existing email / phone / tag fields. Workspace (Motio) members keep their existing project-local edit surface here; their identity still lives on the Members page.
2026-05-08T17:24:46Z | 0.7.1 | n/a | root | msk-1-vm-z76s | infra/backups/pre-migrate-20260508-172400.dump | Pinned notes in the feed gain a soft drop-shadow underneath, so the row visually lifts above the unpinned content scrolling behind. The shadow renders only under the last pinned in a stack, so several stacked pinned rows don't darken each other's seams.
2026-05-08T17:28:25Z | 0.7.2 | n/a | root | msk-1-vm-z76s | infra/backups/pre-migrate-20260508-172738.dump | The project notes feed now shows up to 4 lines of body text per row (was 2). Longer entries still clip with an ellipsis as before.
2026-05-08T17:46:59Z | 0.7.3 | n/a | root | msk-1-vm-z76s | infra/backups/pre-migrate-20260508-174602.dump | Project tracking ("star") is back in the new sidebar — anyone can pin a project to their personal favourites; tracked projects float to the top of the list with an amber star. Toggle lives in the `⋯` dropdown on each row (works without edit permissions — it's a per-user setting).
2026-05-08T18:04:31Z | 0.7.4 | n/a | root | msk-1-vm-z76s | infra/backups/pre-migrate-20260508-180333.dump | The star (track) icon and `⋯` action menu are now always visible on each sidebar project row — no hover required. The star is an outline when the project is not tracked; click flips it to filled amber and the project moves to the top of the list.
2026-05-09T19:31:26Z | 0.7.5 | n/a | root | msk-1-vm-z76s | infra/backups/pre-migrate-20260509-193042.dump | The project card Tasks block once again shows a recurring-task indicator: a `↻` icon next to the title and an outline badge with the cadence label ("Daily recurring", "Weekly recurring", "Monthly recurring", "Every 4 weeks", "Yearly recurring") in the meta row. The badge tooltip shows series remainder ("N more" / "Last in series"). Previously, recurring tasks in the new TasksBlock looked identical to regular ones even though `repeatMeta` was already present on each row.
2026-05-09T19:47:02Z | 0.7.6 | n/a | root | msk-1-vm-z76s | infra/backups/pre-migrate-20260509-194618.dump | The project-card task preview modal (opened by clicking a task in the Tasks block) now surfaces recurrence info: a `↻` icon beside the title in the header plus a dedicated "Repeat" cell in the main grid with an outline badge (cadence: "Daily recurring", "Weekly recurring", …) and a series counter ("N in series · N more / Last in series"). Previously the modal had zero visible signal that the task was part of a repeat series — now it matches the info shown on the row in TasksBlock.
2026-05-09T19:55:41Z | 0.7.7 | n/a | root | msk-1-vm-z76s | infra/backups/pre-migrate-20260509-195458.dump | The milestone count on each sidebar project row now shows **only milestones still ahead** (status `current` + `upcoming`), skipping already-completed ones. Previously the row counted every milestone the project ever had, which buried "what's still left" in noise. The count uses the same `deriveMilestonesWithStatus` helper as the in-card Milestones block — explicit `statusOverride` values are honoured. Projects with only past milestones now hide the counter entirely (same as before when `count === 0`). The counter span gained `title="Milestones still ahead"` for hover context.
2026-05-13T12:50:12Z | 0.7.8 | n/a | root | msk-1-vm-z76s | infra/backups/pre-migrate-20260513-124923.dump | Project notes once again render rich-text formatting outside edit mode — previously bold/italic/underline/strikethrough/lists/blockquotes were only visible in the editor and rendered flat everywhere else (read modal + feed-row snippet). Earlier iterations stripped block tags (`<p>`, `<ul>`, `<li>`, `<blockquote>` …) before display to dodge browser-specific line-break quirks and `-webkit-line-clamp` weirdness. Now:
2026-05-13T13:31:29Z | 0.7.9 | n/a | root | msk-1-vm-z76s | infra/backups/pre-migrate-20260513-133039.dump | Blockquotes are now visible in the **feed-row preview** too. Previously the block `<blockquote>` collapsed to plain text with a line break (same fate as other block tags — required to keep `-webkit-line-clamp: 5` working). Now `buildFeedSnippetHtml` wraps the quote contents in an inline `<span class="feedRowBlockquote">` with italic + muted color + left border — clamp keeps working (because `display: inline-block`), and users see at a glance that the chunk is a quote rather than regular text. In the **read modal** quotes already worked since 0.7.8 (full `<blockquote>` with border-left via the `.feedRichText` CSS).
2026-05-13T13:46:48Z | 0.8.0 | n/a | root | msk-1-vm-z76s | infra/backups/pre-migrate-20260513-134601.dump | Pinned notes are no longer **sticky** — they're now rendered in a separate static section above the scrollable feed. Multiple pinned rows simply stack one under another and never overlap (previously `position: sticky; top: 0` caused multiple pinned rows to pile on top of each other during scroll, since they all targeted the same top edge). The block's overall height now grows by the pinned section's height; the scrollable region (for unpinned) keeps its capped max height (~420px on desktop). The drop-shadow moved from the last pinned row to the pinned section as a whole. If every visible note is pinned (e.g. a search matched only pinned ones), an explanatory line "No more notes — everything currently visible is pinned." renders below the pinned section.
2026-05-13T14:01:28Z | 0.8.1 | n/a | root | msk-1-vm-z76s | infra/backups/pre-migrate-20260513-140031.dump | Hotfix for 0.8.0: the static pinned section was eating all available space inside the Notes block's flex parent (max-h: 640px), squeezing the unpinned `flex-1 min-h-0` scroll-container down to zero — users couldn't scroll the rest of the feed. Now:
2026-05-13T14:39:34Z | 0.8.2 | n/a | root | msk-1-vm-z76s | infra/backups/pre-migrate-20260513-143845.dump | Pinned notes now display **fully without an internal scroll**. The pinned section grows naturally with the number of pinned rows, and the whole Notes block grows taller to fit them — previously the pinned section had its own ~220px desktop cap and 5+ pinned notes meant scrolling within the pinned block. Now every pinned note stays visible at once; only the unpinned area below scrolls (still capped at ~420px on desktop). The parent `<section>`'s `max-h: 640px` was removed so the pinned section can grow freely.
2026-05-14T12:09:59Z | 0.8.3 | n/a | root | msk-1-vm-z76s | infra/backups/pre-migrate-20260514-120911.dump | Drop Glitchtip noise: stale-chunk preload failures after deploy no longer reported (auto-reload kept); Google/Yandex translate DOM races suppressed via notranslate + beforeSend filter
2026-05-15T09:24:45Z | 0.8.4 | n/a | root | msk-1-vm-z76s | infra/backups/pre-migrate-20260515-092358.dump | Narrowed planner's initial task fetch window from ±6 to ±3 months around the current date. Initial /rest/v1/tasks JSON payload roughly halved (~1 MB → ~500 KB), request time dropped from ~500 ms to ~250 ms. The loadedRange cache continues to suppress in-window refetches; a full reload now fires only when the user scrolls past a quarter from the anchor date (rare). Calendar view (whole-year span) left untouched.
2026-05-15T10:00:13Z | 0.8.5 | n/a | root | msk-1-vm-z76s | infra/backups/pre-migrate-20260515-095927.dump | DailyBriefController (the daily brief controller mounted at the app root, which renders null until a 9 AM trigger fires) is now wrapped in React.lazy + a null Suspense fallback. With it, DailyBriefModal, the urgent-tasks and milestones renderers, and the brief's react-query data fetch are no longer part of the eager main bundle. Vite's inline <link rel="modulepreload"> polyfill is also disabled — every targeted browser (Chrome 89+, Safari 15+, Firefox 115+) supports modulepreload natively, so the polyfill no longer gets inlined into every HTML page. Main index.js: 711 → 671 KB raw (−40 KB) / 226 → 213 KB gzip (−13 KB transfer).
2026-05-19T09:14:46Z | 0.8.6 | n/a | root | msk-1-vm-z76s | infra/backups/pre-migrate-20260519-091358.dump | Fix broken images in older tasks: migration 0089 extends task_media access_token_expires_at to now()+10y for all non-revoked rows (44 affected), and the task-media Edge Function default TTL is bumped from 7d to 10y so newly uploaded media stops expiring.
2026-05-26T11:46:56Z | 0.8.7 | n/a | root | msk-1-vm-z76s | infra/backups/pre-migrate-20260526-114555.dump | Milestones can now be filtered by team — pick a team in the toolbar and see only its milestones.
2026-05-28T15:02:55Z | 0.8.8 | n/a | root | msk-1-vm-z76s | infra/backups/pre-migrate-20260528-150142.dump | The project three-dot menu is shorter: the Track item is gone (the star button next to the menu already does that) and Edit is now the first item.
2026-05-28T18:47:39Z | 0.8.9 | n/a | root | msk-1-vm-z76s | infra/backups/pre-migrate-20260528-184642.dump | A subtask's title can now be changed after it's created.
2026-05-29T14:21:32Z | 0.8.10 | n/a | root | msk-1-vm-z76s | infra/backups/pre-migrate-20260529-142010.dump | You can now add tasks from the Projects tab; notes keep their line breaks; project status is always uppercase; subtasks support multiple lines and can be edited right after you create them.
2026-05-30T09:16:23Z | 0.8.11 | n/a | root | msk-1-vm-z76s | infra/backups/pre-migrate-20260530-091534.dump | No documented changes.
2026-05-31T21:31:56Z | 0.8.12 | n/a | root | msk-1-vm-z76s | infra/backups/pre-migrate-20260531-213109.dump | Removed the redundant month row from the timeline — the month is shown in the toolbar and by the day numbers.
2026-06-01T16:38:53Z | 0.8.13 | n/a | root | msk-1-vm-z76s | infra/backups/pre-migrate-20260601-163758.dump | No documented changes.
2026-06-10T15:46:07Z | 0.8.14 | n/a | root | msk-1-vm-z76s | infra/backups/pre-migrate-20260610-154509.dump | The timeline is much faster for large teams: only visible rows and tasks are rendered now, so scrolling and opening the planner sped up significantly.
2026-06-10T16:18:01Z | 0.8.15 | n/a | root | msk-1-vm-z76s | infra/backups/pre-migrate-20260610-161715.dump | Fixed blank gaps and a visible jump when scrolling the timeline quickly: tasks now load ahead of the user reaching them.
2026-06-10T16:32:50Z | 0.8.16 | n/a | root | msk-1-vm-z76s | infra/backups/pre-migrate-20260610-163204.dump | The timeline is back to its previous rendering mode: all rows and tasks are drawn upfront again, with no load-as-you-scroll.
2026-06-10T22:13:20Z | 0.8.17 | n/a | root | msk-1-vm-z76s | infra/backups/pre-migrate-20260610-221237.dump | In Calendar view you can right-click a day to add a milestone — the create dialog opens with that date prefilled.
2026-06-11T15:36:56Z | 0.8.18 | n/a | root | msk-1-vm-z76s | infra/backups/pre-migrate-20260611-153607.dump | In Calendar view, opening a day is now a double-click.
2026-06-11T16:38:54Z | 0.8.19 | n/a | root | msk-1-vm-z76s | infra/backups/pre-migrate-20260611-163806.dump | The "Week" timeline view is now optional — turn it on with a toggle in Account settings → Preferences. Off by default.
2026-06-12T18:30:30Z | 0.8.26 | n/a | root | msk-1-vm-z76s | infra/backups/pre-migrate-20260612-182942.dump | No documented changes.
2026-06-12T20:29:41Z | 0.8.28 | n/a | root | msk-1-vm-z76s | infra/backups/pre-migrate-20260612-202857.dump | No documented changes.
2026-06-13T15:20:37Z | 0.8.30 | n/a | root | msk-1-vm-z76s | infra/backups/pre-migrate-20260613-151951.dump | No documented changes.
2026-06-13T17:28:07Z | 0.8.31 | n/a | root | msk-1-vm-z76s | infra/backups/pre-migrate-20260613-172711.dump | No documented changes.
2026-06-13T18:04:42Z | 0.8.32 | n/a | root | msk-1-vm-z76s | infra/backups/pre-migrate-20260613-180356.dump | Fixed task images that stopped displaying over time.
2026-06-13T20:10:30Z | 0.8.33 | n/a | root | msk-1-vm-z76s | infra/backups/pre-migrate-20260613-200935.dump | No documented changes.
2026-06-13T21:58:32Z | 0.8.35 | n/a | root | msk-1-vm-z76s | infra/backups/pre-migrate-20260613-215740.dump | No documented changes.
2026-06-13T22:19:41Z | 0.8.37 | n/a | root | msk-1-vm-z76s | infra/backups/pre-migrate-20260613-221854.dump | No documented changes.
2026-06-15T09:08:10Z | 0.8.39 | n/a | root | msk-1-vm-z76s | infra/backups/pre-migrate-20260615-090725.dump | No documented changes.
2026-06-15T11:32:02Z | 0.8.43 | n/a | root | msk-1-vm-z76s | infra/backups/pre-migrate-20260615-113116.dump | No documented changes.
2026-06-16T16:09:53Z | 0.8.44 | n/a | root | msk-1-vm-z76s | infra/backups/pre-migrate-20260616-160907.dump | A task's end date can no longer be set before its start or before today, which removes overlapping bars on the timeline.
2026-06-16T16:57:36Z | 0.8.45 | n/a | root | msk-1-vm-z76s | infra/backups/pre-migrate-20260616-165651.dump | Task duration can be shortened on the timeline again and past-dated tasks can be edited; the only limit is that the end date can't be before the start date.
2026-06-17T13:46:06Z | 0.8.46 | n/a | root | msk-1-vm-z76s | infra/backups/pre-migrate-20260617-134520.dump | After an update ships, the app no longer crashes with an error when you open a task, comments, or the editor — it now reloads the fresh version on its own instead.
2026-06-19T15:47:58Z | 0.8.47 | n/a | root | msk-1-vm-z76s | infra/backups/pre-migrate-20260619-154712.dump | You can now create a milestone by right-clicking a day in the calendar.
2026-06-19T16:18:58Z | 0.8.48 | n/a | root | msk-1-vm-z76s | infra/backups/pre-migrate-20260619-161814.dump | After a version update, pages with stale styles now refresh automatically instead of erroring.
2026-06-22T15:42:21Z | 0.8.49 | n/a | root | msk-1-vm-z76s | infra/backups/pre-migrate-20260622-154133.dump | On desktop, member avatars in the timeline are now larger.
2026-06-25T16:26:12Z | 0.8.50 | n/a | root | msk-1-vm-z76s | infra/backups/pre-migrate-20260625-162529.dump | No documented changes.
2026-06-25T16:58:42Z | 0.8.51 | n/a | root | msk-1-vm-z76s | infra/backups/pre-migrate-20260625-165749.dump | No documented changes.
2026-06-26T14:53:56Z | 0.8.52 | n/a | root | msk-1-vm-z76s | infra/backups/pre-migrate-20260626-145313.dump | Member avatars are clipped to a circle correctly again in Safari on iOS.
2026-06-26T15:42:46Z | 0.8.53 | n/a | root | msk-1-vm-z76s | infra/backups/pre-migrate-20260626-154202.dump | Refreshed the Workspace settings window: sections on the left and a cleaner layout.
2026-06-26T15:59:54Z | 0.8.54 | n/a | root | msk-1-vm-z76s | infra/backups/pre-migrate-20260626-155913.dump | The Workspace settings window no longer changes height when switching sections.
2026-06-27T13:31:21Z | 0.8.55 | n/a | root | msk-1-vm-z76s | infra/backups/pre-migrate-20260627-133039.dump | In the milestone editor, delete moved to a top menu and the dialog is more compact.
2026-06-27T14:16:36Z | 0.8.56 | n/a | root | msk-1-vm-z76s | infra/backups/pre-migrate-20260627-141547.dump | The task list no longer shows stale data when a bulk change to a repeat series or assignees is interrupted by an error.
2026-06-27T19:52:33Z | 0.8.57 | n/a | root | msk-1-vm-z76s | infra/backups/pre-migrate-20260627-195153.dump | No documented changes.
2026-06-29T12:01:18Z | 0.8.58 | n/a | root | msk-1-vm-z76s | infra/backups/pre-migrate-20260629-120026.dump | The workspace owner is now marked with a badge in the member list.
2026-06-29T12:54:24Z | 0.8.59 | n/a | root | msk-1-vm-z76s | infra/backups/pre-migrate-20260629-125344.dump | No documented changes.
2026-06-29T16:07:49Z | 0.8.60 | n/a | root | msk-1-vm-z76s | infra/backups/pre-migrate-20260629-160710.dump | No documented changes.
2026-06-29T22:04:08Z | 0.8.61 | n/a | root | msk-1-vm-z76s | infra/backups/pre-migrate-20260629-220251.dump | On the timeline you can now create a milestone by double-clicking a date.
2026-07-01T10:13:45Z | 0.8.62 | n/a | root | msk-1-vm-z76s | infra/backups/pre-migrate-20260701-101305.dump | A recurring task’s repeat limit can now be switched back to “Never”, even if a repeat count was set earlier.
2026-07-01T12:04:45Z | 0.8.63 | n/a | root | msk-1-vm-z76s | infra/backups/pre-migrate-20260701-120406.dump | A count-limited repeat now shows the date of its last occurrence, so you don't have to count it in your head.
2026-07-01T14:32:11Z | 0.8.64 | n/a | root | msk-1-vm-z76s | infra/backups/pre-migrate-20260701-143133.dump | A long project name no longer shifts the layout in the milestone dialog — it now truncates with an ellipsis.
2026-07-01T21:22:50Z | 0.8.65 | n/a | root | msk-1-vm-z76s | infra/backups/pre-migrate-20260701-212211.dump | No documented changes.
2026-07-03T15:43:14Z | 0.8.66 | n/a | root | msk-1-vm-z76s | infra/backups/pre-migrate-20260703-154235.dump | No documented changes.
2026-07-03T16:41:17Z | 0.8.67 | n/a | root | msk-1-vm-z76s | infra/backups/pre-migrate-20260703-164038.dump | No documented changes.
2026-07-03T16:58:36Z | 0.8.68 | n/a | root | msk-1-vm-z76s | infra/backups/pre-migrate-20260703-165757.dump | No documented changes.
2026-07-03T17:09:15Z | 0.8.69 | n/a | root | msk-1-vm-z76s | infra/backups/pre-migrate-20260703-170837.dump | No documented changes.
2026-07-03T17:15:00Z | 0.8.70 | n/a | root | msk-1-vm-z76s | infra/backups/pre-migrate-20260703-171422.dump | No documented changes.
2026-07-03T17:20:56Z | 0.9.0 | n/a | root | msk-1-vm-z76s | infra/backups/pre-migrate-20260703-172017.dump | No documented changes.
2026-07-03T17:33:17Z | 0.9.1 | n/a | root | msk-1-vm-z76s | infra/backups/pre-migrate-20260703-173238.dump | No documented changes.
2026-07-04T21:56:18Z | 0.9.2 | n/a | root | msk-1-vm-z76s | infra/backups/pre-migrate-20260704-215538.dump | The timeline is smoother when dragging tasks and scrolling horizontally.
2026-07-04T22:21:43Z | 0.9.3 | n/a | root | msk-1-vm-z76s | infra/backups/pre-migrate-20260704-222104.dump | Removed the redundant "Only for …" option in the task delete dialog when a task has a single assignee.
2026-07-06T12:34:13Z | 0.9.4 | n/a | root | msk-1-vm-z76s | infra/backups/pre-migrate-20260706-123334.dump | No documented changes.
2026-07-06T13:36:40Z | 0.9.5 | n/a | root | msk-1-vm-z76s | infra/backups/pre-migrate-20260706-133559.dump | No documented changes.
2026-07-08T15:56:12Z | 0.9.6 | n/a | root | msk-1-vm-z76s | infra/backups/pre-migrate-20260708-155531.dump | New Contacts tab: one directory of people from clients and teams, grouped by company with search. Customer contacts now have a Company field.
2026-07-08T16:39:25Z | 0.9.7 | n/a | root | msk-1-vm-z76s | infra/backups/pre-migrate-20260708-163835.dump | Contacts list: restored scrolling for long lists and removed the extra per-person badges.
2026-07-08T16:48:43Z | 0.9.8 | n/a | root | msk-1-vm-z76s | infra/backups/pre-migrate-20260708-164803.dump | Contacts list: removed the 'Open project' entries from the row actions menu, leaving just Edit and Delete.
2026-07-13T17:59:26Z | 0.9.9 | n/a | root | msk-1-vm-z76s | infra/backups/pre-migrate-20260713-175844.dump | The dashboard widget grid no longer jitters when rearranging.
2026-07-17T09:56:04Z | 0.9.10 | n/a | root | msk-1-vm-z76s | infra/backups/pre-migrate-20260717-095522.dump | A milestone can now be excluded from the workload heatmap with a checkbox in its settings — handy for marker milestones that don't occupy the team.
2026-07-17T10:24:52Z | 0.9.11 | n/a | root | msk-1-vm-z76s | infra/backups/pre-migrate-20260717-102411.dump | The workload heatmap can now be scrolled by dragging it with the left mouse button.
2026-07-18T21:18:06Z | 0.9.12 | n/a | root | msk-1-vm-z76s | infra/backups/pre-migrate-20260718-211725.dump | Clicking a person's avatar on the timeline opens a card with a larger photo, their name, and email.
2026-07-19T09:24:09Z | 0.9.13 | n/a | root | msk-1-vm-z76s | infra/backups/pre-migrate-20260719-092327.dump | New users now receive a welcome email with getting-started tips after their first sign-in.
2026-07-19T10:28:24Z | 0.9.14 | n/a | root | msk-1-vm-z76s | infra/backups/pre-migrate-20260719-102742.dump | The "Start for free" button now opens the registration form directly, and the sign-in screen has a clear "Create an account" button. Sign-in and registration screens are now fully and consistently translated.
2026-07-19T11:24:30Z | 0.9.15 | n/a | root | msk-1-vm-z76s | infra/backups/pre-migrate-20260719-112341.dump | Admin console access is now governed by a Keycloak role: grant it and the console appears, revoke it and access is gone. No separate in-app admin lists anymore.
2026-07-19T14:17:09Z | 0.9.16 | n/a | root | msk-1-vm-z76s | infra/backups/pre-migrate-20260719-141621.dump | An owner holding super-admin rights now uses the app as a regular user: it no longer force-redirects them into the admin console. The console is reached by its direct URL.
2026-07-19T14:27:35Z | 0.9.17 | n/a | root | msk-1-vm-z76s | infra/backups/pre-migrate-20260719-142651.dump | No documented changes.
2026-07-19T15:33:43Z | 0.9.18 | n/a | root | msk-1-vm-z76s | infra/backups/pre-migrate-20260719-153258.dump | Minor internal improvements.
2026-07-19T15:58:39Z | 0.9.19 | n/a | root | msk-1-vm-z76s | infra/backups/pre-migrate-20260719-155755.dump | No documented changes.
2026-07-19T20:24:06Z | 0.9.20 | n/a | root | msk-1-vm-z76s | infra/backups/pre-migrate-20260719-202322.dump | Minor internal improvements.
2026-07-20T12:04:40Z | 0.9.21 | n/a | root | msk-1-vm-z76s | infra/backups/pre-migrate-20260720-120355.dump | Browser notifications for your tasks: when a task is assigned to you, you're mentioned in a comment, your task changes, or a deadline is near. Turn them on in account settings and pick which events you want.
2026-07-20T12:22:18Z | 0.9.22 | n/a | root | msk-1-vm-z76s | infra/backups/pre-migrate-20260720-122133.dump | No documented changes.
2026-07-20T13:14:15Z | 0.9.23 | n/a | root | msk-1-vm-z76s | infra/backups/pre-migrate-20260720-131332.dump | Clicking a browser notification now opens the task itself on the timeline — a mention opens it with the comments in view.
2026-07-20T13:38:30Z | 0.9.24 | n/a | root | msk-1-vm-z76s | infra/backups/pre-migrate-20260720-133747.dump | Project notes with an attached image now show a small image badge, so you can spot them before opening the note.
2026-07-20T22:24:04Z | 0.9.25 | n/a | root | msk-1-vm-z76s | infra/backups/pre-migrate-20260720-222322.dump | Fixed dashboards collapsing after switching to the heatmap and back — previously only a page reload would restore them.
2026-07-21T14:20:31Z | 0.9.26 | n/a | root | msk-1-vm-z76s | infra/backups/pre-migrate-20260721-141946.dump | Strengthened data protection by closing several paths for unauthorized access to accounts and workspaces.
2026-07-21T16:07:01Z | 0.9.27 | n/a | root | msk-1-vm-z76s | infra/backups/pre-migrate-20260721-160610.dump | Added password strength requirements for sign-up and password changes.
2026-07-21T20:53:29Z | 0.9.28 | n/a | root | msk-1-vm-z76s | infra/backups/pre-migrate-20260721-205243.dump | Hardened image uploads: only safe image formats are accepted.
2026-07-22T10:06:36Z | 0.9.29 | n/a | root | msk-1-vm-z76s | infra/backups/pre-migrate-20260722-100551.dump | The registration form now shows the password requirements below the password field.
2026-07-23T12:02:26Z | 0.9.30 | n/a | root | msk-1-vm-z76s | infra/backups/pre-migrate-20260723-120137.dump | The Projects tab now shows every project milestone, including far-off ones — previously only the next couple of months were visible. The Milestones block no longer ends up shorter than its neighbors.
2026-07-23T13:49:00Z | 0.9.31 | n/a | root | msk-1-vm-z76s | infra/backups/pre-migrate-20260723-134814.dump | Fixed bell notification texts: deadline reminders and task edits no longer show up as "Unknown user assigned you".
2026-07-23T14:47:01Z | 0.9.32 | n/a | root | msk-1-vm-z76s | infra/backups/pre-migrate-20260723-144615.dump | The Contacts tab now has a single search across people, companies, tags, roles and phones. Added tag, company and role filters.
2026-07-24T09:15:15Z | 0.9.33 | n/a | root | msk-1-vm-z76s | infra/backups/pre-migrate-20260724-091429.dump | Motio can now be installed on your phone as an app. On iPhone, add it to your Home Screen and push notifications arrive right on your phone — even when the app is closed.
2026-07-24T10:01:07Z | 0.9.34 | n/a | root | msk-1-vm-z76s | infra/backups/pre-migrate-20260724-100020.dump | The installed app icon now shows an unread notification badge: it arrives with each push and clears once you have read everything.
2026-07-24T11:20:42Z | 0.9.35 | n/a | root | msk-1-vm-z76s | infra/backups/pre-migrate-20260724-111954.dump | The notifications service component is no longer held back by browser caching — push updates reach installed apps right away.
2026-07-25T15:09:02Z | 0.9.36 | n/a | root | msk-1-vm-z76s | infra/backups/pre-migrate-20260725-150816.dump | The “Latest changes” dialog now shows the last 40 releases instead of only the current one, and app pages load faster.
2026-07-26T13:18:38Z | 0.9.37 | n/a | root | msk-1-vm-z76s | infra/backups/pre-migrate-20260726-131745.dump | The morning brief has a new look: overdue tasks and tasks due today are now separate blocks with a count for each at the top. Long lists stay collapsed and open with one tap.
2026-07-26T19:11:15Z | 0.9.38 | n/a | root | msk-1-vm-z76s | infra/backups/pre-migrate-20260726-191028.dump | The calendar got a panel on the right: holidays, milestones and team time off can each be switched on or off. Days when somebody is away are marked with a circle in that person's colour; several people split the circle into slices, and hovering shows who is away and until when.
2026-07-27T13:57:47Z | 0.9.39 | n/a | root | msk-1-vm-z76s | infra/backups/pre-migrate-20260727-135702.dump | Days off are now marked with a pattern instead of plain grey shading, so they can no longer be mistaken for an ordinary weekend. Pick yours in settings — palms or sun. Your teammates see it too.
2026-07-27T14:42:28Z | 0.9.40 | n/a | root | msk-1-vm-z76s | infra/backups/pre-migrate-20260727-144142.dump | The calendar shows three whole years — last, current and next, each in full from January to December.
2026-07-27T15:37:30Z | 0.9.41 | n/a | root | msk-1-vm-z76s | infra/backups/pre-migrate-20260727-153644.dump | Six patterns for days off now: mountains, waves, an umbrella and a tent join the palm and the sun. Pick yours in account settings.
2026-07-27T15:57:45Z | 0.9.42 | n/a | root | msk-1-vm-z76s | infra/backups/pre-migrate-20260727-155700.dump | Eight patterns for days off now: a beer and a star join the set.
2026-07-28T09:12:49Z | 0.9.43 | n/a | root | msk-1-vm-z76s | infra/backups/pre-migrate-20260728-091203.dump | Unread notifications now stand out at a glance: a coloured bar on the left, a tinted card and a bold title.
2026-07-28T09:50:34Z | 0.9.44 | n/a | root | msk-1-vm-z76s | infra/backups/pre-migrate-20260728-094938.dump | The workload heatmap now accounts for time off: a day's tasks are divided among the people actually there, so days with absences read hotter. The day popover shows how many are away, and a day with the whole team off is shown as non-working.
2026-07-29T13:54:15Z | 0.9.45 | n/a | root | msk-1-vm-z76s | infra/backups/pre-migrate-20260729-135331.dump | Sign-up no longer asks for a first and last name — an email and a password are enough. The name can be filled in later in account settings.
2026-07-29T14:28:46Z | 0.9.46 | n/a | root | msk-1-vm-z76s | infra/backups/pre-migrate-20260729-142802.dump | Editing a recurring task no longer floods its assignee: the whole series produces a single notification instead of one per occurrence.
2026-07-29T17:24:11Z | 0.9.47 | n/a | root | msk-1-vm-z76s | infra/backups/pre-migrate-20260729-172328.dump | Pasting text from another app now brings over only the text, lists and images — the source app's styling no longer breaks the task description.
2026-07-30T08:35:54Z | 0.9.48 | n/a | root | msk-1-vm-z76s | infra/backups/pre-migrate-20260730-083509.dump | The assignee photo in the timeline profile card is now noticeably larger, scaling to the screen and to the photo's own quality.
2026-07-30T12:14:06Z | 0.9.49 | n/a | root | msk-1-vm-z76s | infra/backups/pre-migrate-20260730-121321.dump | A subtask can now be written across several lines while you create the task: the text wraps and stays fully visible, and the field grows as you type — just like editing a subtask inside an open task.
2026-07-30T12:33:46Z | 0.9.50 | n/a | root | msk-1-vm-z76s | infra/backups/pre-migrate-20260730-123301.dump | Subtasks in the create-task dialog now look the same as inside an open task: the same bordered, highlighted fields. Trailing blank lines are dropped as soon as you leave the field, so it no longer stays stretched.
2026-07-30T13:41:10Z | 0.9.51 | n/a | root | msk-1-vm-z76s | infra/backups/pre-migrate-20260730-134023.dump | Workspace settings now have a People section where everyone can be given a colour from a palette. An admin sets it for anyone, everybody else for themselves. The colour shows up on dashboard charts, on day-off circles in the calendar and behind the initials in an avatar.
2026-07-30T15:07:59Z | 0.9.52 | n/a | root | msk-1-vm-z76s | infra/backups/pre-migrate-20260730-150715.dump | Workspace settings now offer 20 colours instead of 12, and they are noticeably easier to tell apart.
2026-07-30T15:28:01Z | 0.9.53 | n/a | root | msk-1-vm-z76s | infra/backups/pre-migrate-20260730-152718.dump | Dashboard widgets grouped by project or by status are now drawn in those entities' own colours, the ones set in settings. The "No project" column stays grey. Widget settings carry toggles to go back to the plain palette.
2026-08-06T13:41:06Z | 0.9.54 | n/a | root | msk-1-vm-z76s | infra/backups/pre-migrate-20260806-134022.dump | The floating buttons on a phone — add task, filters and legend — are now the same size and sit higher above the bottom edge, clear of the screen's rounded corner.
2026-08-06T16:59:50Z | 0.9.55 | n/a | root | msk-1-vm-z76s | infra/backups/pre-migrate-20260806-165906.dump | Dialogs on a phone got rounded corners, and the close and overflow buttons in their corner got a proper tap target.
2026-08-07T16:34:30Z | 0.9.56 | n/a | root | msk-1-vm-z76s | infra/backups/pre-migrate-20260807-163346.dump | Invites, roles and workspace access moved from the Team page into workspace settings, under "Members and access". Active people, disabled people, history and everyone's colours are now tabs in one place.
2026-08-08T11:49:12Z | 0.9.57 | n/a | root | msk-1-vm-z76s | infra/backups/pre-migrate-20260808-114829.dump | The broadcast history in the admin console answered "permission denied" on the testing stand — the table was missing its grants. A migration now grants them, the same way on every stand.
2026-08-08T13:37:48Z | 0.9.58 | n/a | root | msk-1-vm-z76s | infra/backups/pre-migrate-20260808-133705.dump | Comments show faces again: both the list that opens on "@" and the avatar beside a comment fell back to initials instead of the person's uploaded photo.
2026-08-08T16:05:15Z | 0.9.59 | n/a | root | msk-1-vm-z76s | infra/backups/pre-migrate-20260808-160433.dump | The admin lists — users, workspaces, easter eggs and backups — no longer render in one endless run: they page in tens, fifties or hundreds, and each section remembers the size you picked.
2026-08-08T17:18:06Z | 0.9.60 | n/a | root | msk-1-vm-z76s | infra/backups/pre-migrate-20260808-171721.dump | No documented changes.
2026-08-09T07:31:18Z | 0.9.61 | n/a | root | msk-1-vm-z76s | infra/backups/pre-migrate-20260809-073035.dump | No documented changes.
2026-08-09T07:50:16Z | 0.9.62 | n/a | root | msk-1-vm-z76s | infra/backups/pre-migrate-20260809-074933.dump | No documented changes.
2026-08-09T08:18:45Z | 0.9.63 | n/a | root | msk-1-vm-z76s | infra/backups/pre-migrate-20260809-081800.dump | No documented changes.
2026-08-09T08:23:53Z | 0.9.64 | n/a | root | msk-1-vm-z76s | infra/backups/pre-migrate-20260809-082309.dump | No documented changes.
2026-08-11T08:54:28Z | 0.9.65 | n/a | root | msk-1-vm-z76s | infra/backups/pre-migrate-20260811-085344.dump | An archived project no longer takes up space on the timeline in the Projects view: its row, its tasks and its milestones all go. The People view is unchanged — it still shows everything a person is busy with, archived projects included.
2026-08-12T14:00:13Z | 0.9.66 | n/a | root | msk-1-vm-z76s | infra/backups/pre-migrate-20260812-135924.dump | The interface language is now detected from the browser. A Russian-speaking person gets the sign-in page, the app and the first email in Russian without choosing anything. An explicit choice still wins and is remembered for the account.
2026-08-13T14:46:47Z | 0.9.67 | n/a | root | msk-1-vm-z76s | infra/backups/pre-migrate-20260813-144554.dump | Russian wording is consistent now, and a workspace is called a workspace everywhere. The landing page no longer calls the product a test build, and the self-hosting story is a short block instead of half the page.
2026-08-15T10:20:44Z | 0.9.68 | n/a | root | msk-1-vm-z76s | infra/backups/pre-migrate-20260815-101951.dump | The task window on the Team and Projects pages no longer stretches past the edges of the screen: a long description scrolls inside the window, and the Go to task and Close buttons always stay in place. Images and long unbroken lines from pasted text fit the window too.
2026-09-04T15:14:50Z | 0.9.69 | n/a | root | msk-1-vm-z76s | infra/backups/pre-migrate-20260904-151401.dump | Moving a repeating task no longer floods the assignee with dozens of notifications — a single one arrives.
2026-09-04T16:32:14Z | 0.10.0 | n/a | root | msk-1-vm-z76s | infra/backups/pre-migrate-20260904-163130.dump | No documented changes.
2026-09-05T22:59:17Z | 0.10.1 | n/a | root | msk-1-vm-z76s | infra/backups/pre-migrate-20260905-225833.dump | The task window on the Team page now shows the task's subtasks with their done marks and a counter.
2026-09-06T08:45:57Z | 0.10.2 | n/a | root | msk-1-vm-z76s | infra/backups/pre-migrate-20260906-084512.dump | A task on the timeline can now be dragged past the visible screen: the timeline scrolls by itself near the edge, and edge strips show where that happens.
2026-09-08T09:05:01Z | 0.10.3 | n/a | root | msk-1-vm-z76s | infra/backups/pre-migrate-20260908-090416.dump | The project status is now written in capitals everywhere — when a project is created, in the card and on the phone. Statuses entered earlier are brought in line.
2026-09-09T13:20:21Z | 0.10.4 | n/a | root | msk-1-vm-z76s | infra/backups/pre-migrate-20260909-131932.dump | On a phone, the project card opens its forms again: comment, contact, team member, task, milestone, project status. They used to open behind the card — the keyboard came up but the form was nowhere to be seen.
2026-09-12T17:46:47Z | 0.10.5 | n/a | root | msk-1-vm-z76s | infra/backups/pre-migrate-20260912-174550.dump | No documented changes.
